==13909== Memcheck, a memory error detector
==13909== Copyright (C) 2002-2010, and GNU GPL'd, by Julian Seward et al.
==13909== Using Valgrind-3.6.1 and LibVEX; rerun with -h for copyright info
==13909== Command: /opt/ParSem/tools/jdk/1.6.0_25/bin/java -Xmx512m -cp dist/jxip.jar:testAna/testMem1/build testMem1.Test ../GRAMMARS/ENGLISH/GRMFILES/GRAM_GEN/gram_gen_entit.grm input-10
==13909== Parent PID: 13902
==13909== 
--13909-- 
--13909-- Valgrind options:
--13909--    -v
--13909--    --tool=memcheck
--13909--    --leak-check=full
--13909--    --show-reachable=yes
--13909--    --error-limit=no
--13909--    --log-file=valgrind-1.log
--13909--    --track-origins=yes
--13909--    --trace-children=yes
--13909--    --num-callers=20
--13909--    --gen-suppressions=all
--13909--    --suppressions=suppressionJava.supp
--13909--    --suppressions=suppressionNtm.supp
--13909--    --suppressions=suppressionXip.supp
--13909--    --suppressions=suppressionJavaLeak.supp
--13909--    --suppressions=suppressionXipLeak.supp
--13909-- Contents of /proc/version:
--13909--   Linux version 2.6.18-238.12.1.el5 (mockbuild@builder10.centos.org) (gcc version 4.1.2 20080704 (Red Hat 4.1.2-50)) #1 SMP Tue May 31 13:23:01 EDT 2011
--13909-- Arch and hwcaps: X86, x86-sse1-sse2
--13909-- Page sizes: currently 4096, max supported 4096
--13909-- Valgrind library directory: /opt/ParSem/tools/valgrind/3.6.1/linux/lib/valgrind
--13909-- Reading syms from /lib/ld-2.5.so (0x9e6000)
--13909-- Reading syms from /opt/ParSem/tools/jdk/1.6.0_25/bin/java (0x8048000)
--13909-- Reading syms from /opt/ParSem/tools/valgrind/3.6.1/linux/lib/valgrind/memcheck-x86-linux (0x38000000)
--13909--    object doesn't have a dynamic symbol table
--13909-- Reading suppressions file: suppressionJava.supp
--13909-- Reading suppressions file: suppressionNtm.supp
--13909-- Reading suppressions file: suppressionXip.supp
--13909-- Reading suppressions file: suppressionJavaLeak.supp
--13909-- Reading suppressions file: suppressionXipLeak.supp
--13909-- Reading suppressions file: /opt/ParSem/tools/valgrind/3.6.1/linux/lib/valgrind/default.supp
--13909-- REDIR: 0x9fb8e0 (index) redirected to 0x38040b33 (vgPlain_x86_linux_REDIR_FOR_index)
--13909-- Reading syms from /opt/ParSem/tools/valgrind/3.6.1/linux/lib/valgrind/vgpreload_core-x86-linux.so (0x4001000)
--13909-- Reading syms from /opt/ParSem/tools/valgrind/3.6.1/linux/lib/valgrind/vgpreload_memcheck-x86-linux.so (0x4003000)
==13909== WARNING: new redirection conflicts with existing -- ignoring it
--13909--     new: 0x009fb8e0 (index               ) R-> 0x04006c50 index
--13909-- REDIR: 0x9fba80 (strlen) redirected to 0x4006e60 (strlen)
--13909-- Reading syms from /lib/libpthread-2.5.so (0xa37000)
--13909-- Reading syms from /opt/ParSem/tools/jdk/1.6.0_25/jre/lib/i386/jli/libjli.so (0x400b000)
--13909-- Reading syms from /lib/libdl-2.5.so (0xa30000)
--13909-- Reading syms from /lib/libc-2.5.so (0xb10000)
--13909-- REDIR: 0xb81660 (memset) redirected to 0x4007290 (memset)
--13909-- REDIR: 0xb81b50 (memcpy) redirected to 0x4008ad0 (memcpy)
--13909-- REDIR: 0xb80d90 (strstr) redirected to 0x40073f0 (strstr)
--13909-- REDIR: 0xb807c0 (rindex) redirected to 0x4006b00 (rindex)
--13909-- REDIR: 0xb80420 (strlen) redirected to 0x4006e20 (strlen)
--13909-- REDIR: 0xb7bf50 (malloc) redirected to 0x4005dd9 (malloc)
--13909-- REDIR: 0xb79ab0 (free) redirected to 0x40059f3 (free)
--13909-- REDIR: 0xb80710 (strncpy) redirected to 0x4008df0 (strncpy)
--13909-- REDIR: 0xb816c0 (mempcpy) redirected to 0x40080b0 (mempcpy)
--13909-- REDIR: 0xb7fba0 (strcat) redirected to 0x4007de0 (strcat)
--13909-- REDIR: 0xb7ff30 (strcpy) redirected to 0x4008fe0 (strcpy)
--13909-- REDIR: 0xb81160 (memchr) redirected to 0x4007100 (memchr)
--13909-- REDIR: 0xb7ff60 (strcspn) redirected to 0x40074e0 (strcspn)
--13909-- REDIR: 0xb7fec0 (strcmp) redirected to 0x4006f80 (strcmp)
--13909-- REDIR: 0xb82400 (rawmemchr) redirected to 0x40073b0 (rawmemchr)
--13909-- REDIR: 0xb815f0 (memmove) redirected to 0x4007300 (memmove)
--13909-- REDIR: 0xb7fd50 (index) redirected to 0x4006bc0 (index)
--13909-- REDIR: 0xb80610 (strncmp) redirected to 0x4006ea0 (strncmp)
--13909-- REDIR: 0xb7bc10 (calloc) redirected to 0x40050c3 (calloc)
--13909-- Reading syms from /opt/ParSem/tools/jdk/1.6.0_25/jre/lib/i386/server/libjvm.so (0x4416000)
--13909-- Reading syms from /lib/libm-2.5.so (0xa05000)
--13909-- Reading syms from /lib/librt-2.5.so (0xac9000)
--13909-- Reading syms from /opt/ParSem/tools/jdk/1.6.0_25/jre/lib/i386/libverify.so (0x508b000)
--13909-- Reading syms from /opt/ParSem/tools/jdk/1.6.0_25/jre/lib/i386/libjava.so (0x5097000)
--13909-- REDIR: 0x9fbe40 (stpcpy) redirected to 0x4008260 (stpcpy)
--13909-- Reading syms from /lib/libnsl-2.5.so (0xad4000)
--13909-- REDIR: 0xb7c3c0 (realloc) redirected to 0x4005e88 (realloc)
--13909-- Reading syms from /opt/ParSem/tools/jdk/1.6.0_25/jre/lib/i386/libzip.so (0x50fb000)
==13909== Warning: set address range perms: large range [0xb853000, 0x2f853000) (defined)
==13909== Warning: set address range perms: large range [0xb853000, 0x2f853000) (noaccess)
==13909== Warning: set address range perms: large range [0xb853000, 0x2f860000) (defined)
--13909-- REDIR: 0xb824d0 (strchrnul) redirected to 0x4007380 (strchrnul)
--13909-- REDIR: 0xb81850 (stpcpy) redirected to 0x4008400 (stpcpy)
--13909-- REDIR: 0xb3b5a0 (putenv) redirected to 0x4007550 (putenv)
--13909-- REDIR: 0xb804d0 (strnlen) redirected to 0x4006dc0 (strnlen)
--13909-- Reading syms from /tmp/grondeau/1311779287980/libjXip.so (0x709e000)
--13909-- Reading syms from /usr/lib/libz.so.1.2.3 (0xa52000)
--13909--    object doesn't have a symbol table
--13909-- Reading syms from /usr/lib/libstdc++.so.6.0.8 (0x34e000)
--13909--    object doesn't have a symbol table
--13909-- Reading syms from /lib/libgcc_s-4.1.2-20080825.so.1 (0xaef000)
--13909--    object doesn't have a symbol table
--13909-- REDIR: 0x402c10 (operator new[](unsigned int)) redirected to 0x400624d (operator new[](unsigned int))
--13909-- REDIR: 0x402ad0 (operator new(unsigned int)) redirected to 0x40065f5 (operator new(unsigned int))
--13909-- REDIR: 0x4015a0 (operator delete(void*)) redirected to 0x400570a (operator delete(void*))
--13909-- REDIR: 0x401600 (operator delete[](void*)) redirected to 0x400538c (operator delete[](void*))
--13909-- REDIR: 0xb81940 (strcasecmp) redirected to 0x4007d70 (strcasecmp)
--13909-- REDIR: 0xb7c120 (memalign) redirected to 0x4004f96 (memalign)
==13909== 
==13909== HEAP SUMMARY:
==13909==     in use at exit: 30,512,760 bytes in 452,839 blocks
==13909==   total heap usage: 873,156 allocs, 420,317 frees, 2,113,183,726 bytes allocated
==13909== 
==13909== Searching for pointers to 452,839 not-freed blocks
==13909== Checked 713,024,284 bytes
==13909== 
==13909== LEAK SUMMARY:
==13909==    definitely lost: 0 bytes in 0 blocks
==13909==    indirectly lost: 0 bytes in 0 blocks
==13909==      possibly lost: 0 bytes in 0 blocks
==13909==    still reachable: 0 bytes in 0 blocks
==13909==         suppressed: 30,512,760 bytes in 452,839 blocks
==13909== 
==13909== ERROR SUMMARY: 0 errors from 0 contexts (suppressed: 311901 from 1137)
--13909-- 
--13909-- used_suppression:  69462 <xip_leak_3>
--13909-- used_suppression:    121 <xip_leak_6>
--13909-- used_suppression:   2224 <xip_leak_2>
--13909-- used_suppression:    659 <java-leak-2-10>
--13909-- used_suppression:     42 <xip_leak_11>
--13909-- used_suppression:      4 <java-leak-2-11>
--13909-- used_suppression:      2 <xipWitJava_leak_8-1>
--13909-- used_suppression:      2 <xip_leak_14>
--13909-- used_suppression:     55 <xip_leak_9>
--13909-- used_suppression:      1 <xipWitJava_leak_8>
--13909-- used_suppression:     57 <xip_leak_1>
--13909-- used_suppression:      1 <xipWitJava_leak_9>
--13909-- used_suppression:      1 <xipWitJava_leak_7>
--13909-- used_suppression:      2 <xip_leak_19>
--13909-- used_suppression:      5 <java-leak-2-6>
--13909-- used_suppression:      8 <java-leak-5>
--13909-- used_suppression:      2 <xipWitJava_leak_5>
--13909-- used_suppression:      2 <xipWitJava_leak_5-1>
--13909-- used_suppression:      3 <java-leak-2-7>
--13909-- used_suppression:      1 <xip_leak_12>
--13909-- used_suppression:      1 <xipWitJava_leak_4>
--13909-- used_suppression:      1 <xip_leak_19>
--13909-- used_suppression:     31 <java-leak-3>
--13909-- used_suppression:      1 <xip_leak_18>
--13909-- used_suppression:      1 java-leak-39
--13909-- used_suppression:      1 java-leak-38
--13909-- used_suppression:      1 java-leak-37
--13909-- used_suppression:      1 <xip_leak_17>
--13909-- used_suppression:      2 <xipWitJava_leak_6>
--13909-- used_suppression:      1 <xipWitJava_leak_3>
--13909-- used_suppression:      2 java-leak-36
--13909-- used_suppression:      6 <java-leak-1>
--13909-- used_suppression:      1 java-leak-35
--13909-- used_suppression:      1 java-leak-34
--13909-- used_suppression:     36 <xip_leak_4>
--13909-- used_suppression:      1 <xip_leak_16>
--13909-- used_suppression:      1 java-leak-33
--13909-- used_suppression:      1 java-leak-32
--13909-- used_suppression:      1 <xipWitJava_leak_2>
--13909-- used_suppression:      2 <xip_leak_13>
--13909-- used_suppression:      2 <xip_leak_10>
--13909-- used_suppression:      3 <xip_leak_8>
--13909-- used_suppression:      1 <java-leak-2-3>
--13909-- used_suppression:     22 <xip_leak_7>
--13909-- used_suppression:     25 <xip_leak_5>
--13909-- used_suppression:      2 <java-leak-4>
--13909-- used_suppression:      1 <ntm_leak_4>
--13909-- used_suppression:      2 <xipWitJava_leak_1>
--13909-- used_suppression: 311575 <java-11>
--13909-- used_suppression:     32 <ntm-cond-1>
--13909-- used_suppression:     37 dl-hack3
==13909== 
==13909== ERROR SUMMARY: 0 errors from 0 contexts (suppressed: 311901 from 1137)
